Units and locations in library './../..//lib/ansibfm.lib'
Unit name       size     from       to
alloc.o        18281  1050288  1068569
assert.o        3048       77     3125
ctype.o         8940     3125    12065
embedded.o     13032    12065    25097
heap.o          3621    25097    28718
inout.o         9132    28718    37850
locale.o        3837    37850    41687
math.o        140260    41687   181947
math08d.o       3549   181947   185496
math08f.o       6469   185496   191965
mathf.o        35932   191965   227897
printf.o       38876   227897   266773
rtshc08.o     139161   266773   405934
scanf.o        14520   405934   420454
setjmp.o        4737   420454   425191
signal.o        4665   425191   429856
softfloa.o    533404   429856   963260
stdlib.o       49052   963260  1012312
string.o       30792  1012312  1043104
terminal.o      7184  1043104  1050288

EXPORTED OBJECTS
INOUT_ReadInt                     F   (inout.o)
INOUT_TermChar                    F   (inout.o)
INOUT_WriteInt                    F   (inout.o)
INOUT_WriteLong                   F   (inout.o)
TERMIO_GetChar                    I   (embedded.o)
TERMIO_GetChar                    I   (terminal.o)
TERMIO_Init                       I   (embedded.o)
TERMIO_PutChar                    I   (embedded.o)
TERMIO_PutChar                    I   (terminal.o)
TERM_Direct                       I   (embedded.o)
TERM_Direct                       F   (terminal.o)
TERM_Read                         I   (embedded.o)
TERM_Read                         I   (inout.o)
TERM_Read                         F   (terminal.o)
TERM_ReadString                   I   (embedded.o)
TERM_ReadString                   F   (terminal.o)
TERM_Write                        I   (embedded.o)
TERM_Write                        I   (inout.o)
TERM_Write                        F   (terminal.o)
TERM_WriteLn                      F   (terminal.o)
TERM_WriteString                  I   (embedded.o)
TERM_WriteString                  F   (terminal.o)
_BDIVS                            I   (printf.o)
_BDIVS                            F   (rtshc08.o)
_BMODS                            I   (printf.o)
_BMODS                            F   (rtshc08.o)
_BMULS                            F   (rtshc08.o)
_CALL_STAR08                      F   (rtshc08.o)
_CALL_STAR08_FAR                  I   (printf.o)
_CALL_STAR08_FAR                  F   (rtshc08.o)
_CALL_STAR08_FAR                  I   (stdlib.o)
_CMP24                            F   (rtshc08.o)
_CMP24_RC                         F   (rtshc08.o)
_CMP24_RC                         I   (signal.o)
_CONV_FAR_TO_LINEAR               F   (rtshc08.o)
_CONV_FAR_TO_NEAR                 F   (rtshc08.o)
_CONV_LINEAR_TO_FAR               F   (rtshc08.o)
_COPY                             I   (embedded.o)
_COPY                             I   (math.o)
_COPY                             I   (math08f.o)
_COPY                             I   (mathf.o)
_COPY                             I   (printf.o)
_COPY                             F   (rtshc08.o)
_COPY                             I   (scanf.o)
_COPY                             I   (softfloa.o)
_COPY                             I   (stdlib.o)
_COPY_L                           F   (rtshc08.o)
_DABS                             F   (rtshc08.o)
_DADD                             F   (rtshc08.o)
_DADD_RC                          F   (rtshc08.o)
_DCMP                             F   (rtshc08.o)
_DCMP_RC                          F   (rtshc08.o)
_DDEC                             F   (rtshc08.o)
_DDIV                             F   (rtshc08.o)
_DDIV_LC                          F   (rtshc08.o)
_DDIV_RC                          F   (rtshc08.o)
_DINC                             F   (rtshc08.o)
_DLONG                            F   (rtshc08.o)
_DMUL                             F   (rtshc08.o)
_DMUL_RC                          F   (rtshc08.o)
_DNEG                             F   (rtshc08.o)
_DSFLOAT                          F   (rtshc08.o)
_DSHORT                           F   (rtshc08.o)
_DSTRUNC                          F   (rtshc08.o)
_DSUB                             F   (rtshc08.o)
_DSUB_LC                          F   (rtshc08.o)
_DSUB_RC                          F   (rtshc08.o)
_DUFLOAT                          F   (rtshc08.o)
_DUTRUNC                          F   (rtshc08.o)
_FABS                             F   (rtshc08.o)
_FADD                             I   (math.o)
_FADD                             I   (printf.o)
_FADD                             F   (rtshc08.o)
_FADD                             I   (stdlib.o)
_FADD_RC                          I   (math.o)
_FADD_RC                          I   (printf.o)
_FADD_RC                          F   (rtshc08.o)
_FADD_RC                          I   (stdlib.o)
_FCMP                             F   (rtshc08.o)
_FCMP                             I   (stdlib.o)
_FCMP_RC                          I   (math.o)
_FCMP_RC                          I   (printf.o)
_FCMP_RC                          F   (rtshc08.o)
_FCMP_RC                          I   (stdlib.o)
_FDEC                             I   (math.o)
_FDEC                             F   (rtshc08.o)
_FDIV                             I   (math.o)
_FDIV                             F   (rtshc08.o)
_FDIV                             I   (stdlib.o)
_FDIV_LC                          I   (math.o)
_FDIV_LC                          F   (rtshc08.o)
_FDIV_LC                          I   (stdlib.o)
_FDIV_RC                          I   (math.o)
_FDIV_RC                          F   (rtshc08.o)
_FDIV_RC                          I   (stdlib.o)
_FINC                             I   (math.o)
_FINC                             F   (rtshc08.o)
_FMUL                             I   (math.o)
_FMUL                             I   (printf.o)
_FMUL                             F   (rtshc08.o)
_FMUL                             I   (stdlib.o)
_FMUL_RC                          I   (math.o)
_FMUL_RC                          I   (printf.o)
_FMUL_RC                          F   (rtshc08.o)
_FMUL_RC                          I   (stdlib.o)
_FNEG                             I   (math.o)
_FNEG                             I   (printf.o)
_FNEG                             F   (rtshc08.o)
_FNEG                             I   (stdlib.o)
_FSFLOAT                          I   (math.o)
_FSFLOAT                          F   (rtshc08.o)
_FSFLOAT                          I   (stdlib.o)
_FSTRUNC                          I   (math.o)
_FSTRUNC                          I   (math.o)
_FSTRUNC                          I   (printf.o)
_FSTRUNC                          F   (rtshc08.o)
_FSUB                             I   (math.o)
_FSUB                             I   (printf.o)
_FSUB                             F   (rtshc08.o)
_FSUB_LC                          I   (math.o)
_FSUB_LC                          F   (rtshc08.o)
_FSUB_LC                          I   (stdlib.o)
_FSUB_RC                          F   (rtshc08.o)
_FUFLOAT                          I   (printf.o)
_FUFLOAT                          F   (rtshc08.o)
_FUFLOAT                          I   (stdlib.o)
_FUTRUNC                          F   (rtshc08.o)
_IASR                             F   (rtshc08.o)
_ICMP                             I   (printf.o)
_ICMP                             F   (rtshc08.o)
_ICMP                             I   (stdlib.o)
_IDIVS_STAR08                     I   (heap.o)
_IDIVS_STAR08                     I   (inout.o)
_IDIVS_STAR08                     I   (printf.o)
_IDIVS_STAR08                     F   (rtshc08.o)
_IDIVS_STAR08                     I   (stdlib.o)
_IDIVU_8                          F   (rtshc08.o)
_IDIVU_STAR08                     I   (alloc.o)
_IDIVU_STAR08                     F   (rtshc08.o)
_IDIVU_STAR08                     I   (stdlib.o)
_ILSL                             F   (rtshc08.o)
_ILSR                             F   (rtshc08.o)
_ILSR                             I   (softfloa.o)
_IMODS_STAR08                     I   (inout.o)
_IMODS_STAR08                     F   (rtshc08.o)
_IMODS_STAR08                     I   (stdlib.o)
_IMODU_8                          F   (rtshc08.o)
_IMODU_STAR08                     F   (rtshc08.o)
_IMODU_STAR08                     I   (stdlib.o)
_IMUL_STAR08                      I   (alloc.o)
_IMUL_STAR08                      I   (inout.o)
_IMUL_STAR08                      I   (printf.o)
_IMUL_STAR08                      F   (rtshc08.o)
_IMUL_STAR08                      I   (scanf.o)
_IMUL_STAR08                      I   (signal.o)
_IMUL_STAR08                      I   (stdlib.o)
_Jump_Table_Addr                  I   (printf.o)
_Jump_Table_Addr                  F   (rtshc08.o)
_Jump_Table_Addr                  I   (scanf.o)
_Jump_Table_Header_Addr           I   (math.o)
_Jump_Table_Header_Addr           F   (rtshc08.o)
_Jump_Table_Header_Addr           I   (scanf.o)
_Jump_Table_Header_Addr           I   (softfloa.o)
_Jump_Table_Header_Addr           I   (stdlib.o)
_Jump_Table_Header_Offset         I   (math.o)
_Jump_Table_Header_Offset         F   (rtshc08.o)
_Jump_Table_Header_Offset         I   (scanf.o)
_Jump_Table_Header_Offset         I   (softfloa.o)
_Jump_Table_Header_Offset         I   (stdlib.o)
_Jump_Table_Offset                F   (rtshc08.o)
_LADD                             F   (rtshc08.o)
_LADD                             I   (softfloa.o)
_LADD                             I   (stdlib.o)
_LADD_RC                          I   (inout.o)
_LADD_RC                          F   (rtshc08.o)
_LADD_RC                          I   (softfloa.o)
_LADD_RC                          I   (stdlib.o)
_LAND                             F   (rtshc08.o)
_LAND                             I   (softfloa.o)
_LAND_RC                          I   (math.o)
_LAND_RC                          F   (rtshc08.o)
_LAND_RC                          I   (softfloa.o)
_LASR                             F   (rtshc08.o)
_LASR                             I   (softfloa.o)
_LCMP                             I   (math.o)
_LCMP                             I   (printf.o)
_LCMP                             F   (rtshc08.o)
_LCMP                             I   (softfloa.o)
_LCMP                             I   (stdlib.o)
_LCMP_RC                          I   (inout.o)
_LCMP_RC                          I   (math.o)
_LCMP_RC                          F   (rtshc08.o)
_LCMP_RC                          I   (softfloa.o)
_LCMP_RC                          I   (stdlib.o)
_LDEC                             F   (rtshc08.o)
_LDEC                             I   (softfloa.o)
_LDIVS                            F   (rtshc08.o)
_LDIVS                            I   (stdlib.o)
_LDIVS_LC                         F   (rtshc08.o)
_LDIVS_RC                         I   (inout.o)
_LDIVS_RC                         F   (rtshc08.o)
_LDIVS_RC                         I   (stdlib.o)
_LDIVU                            F   (rtshc08.o)
_LDIVU                            I   (softfloa.o)
_LDIVU                            I   (stdlib.o)
_LDIVU_LC                         F   (rtshc08.o)
_LDIVU_RC                         I   (printf.o)
_LDIVU_RC                         F   (rtshc08.o)
_LINC                             F   (rtshc08.o)
_LINC                             I   (softfloa.o)
_LLSL                             F   (rtshc08.o)
_LLSL                             I   (softfloa.o)
_LLSR                             I   (math.o)
_LLSR                             F   (rtshc08.o)
_LLSR                             I   (softfloa.o)
_LMODS                            F   (rtshc08.o)
_LMODS                            I   (stdlib.o)
_LMODS_LC                         F   (rtshc08.o)
_LMODS_RC                         I   (inout.o)
_LMODS_RC                         F   (rtshc08.o)
_LMODS_RC                         I   (stdlib.o)
_LMODU                            F   (rtshc08.o)
_LMODU_LC                         F   (rtshc08.o)
_LMODU_RC                         I   (printf.o)
_LMODU_RC                         F   (rtshc08.o)
_LMUL                             F   (rtshc08.o)
_LMUL                             I   (softfloa.o)
_LMUL                             I   (stdlib.o)
_LMUL_RC                          F   (rtshc08.o)
_LMUL_RC                          I   (stdlib.o)
_LNEG                             I   (inout.o)
_LNEG                             I   (printf.o)
_LNEG                             F   (rtshc08.o)
_LNEG                             I   (softfloa.o)
_LNEG                             I   (stdlib.o)
_LNOT                             F   (rtshc08.o)
_LNOT                             I   (softfloa.o)
_LOR                              I   (math.o)
_LOR                              F   (rtshc08.o)
_LOR                              I   (softfloa.o)
_LOR_RC                           F   (rtshc08.o)
_LOR_RC                           I   (softfloa.o)
_LSUB                             I   (printf.o)
_LSUB                             F   (rtshc08.o)
_LSUB                             I   (softfloa.o)
_LSUB                             I   (stdlib.o)
_LSUB_LC                          F   (rtshc08.o)
_LSUB_LC                          I   (stdlib.o)
_LSUB_RC                          F   (rtshc08.o)
_LSUB_RC                          I   (softfloa.o)
_LXOR                             F   (rtshc08.o)
_LXOR_RC                          F   (rtshc08.o)
_POP32                            I   (inout.o)
_POP32                            I   (math.o)
_POP32                            I   (printf.o)
_POP32                            F   (rtshc08.o)
_POP32                            I   (scanf.o)
_POP32                            I   (softfloa.o)
_POP32                            I   (stdlib.o)
_POP64                            F   (rtshc08.o)
_POP_CC                           F   (rtshc08.o)
_POP_CC                           I   (softfloa.o)
_PUSH_CC                          F   (rtshc08.o)
_PUSH_CC                          I   (softfloa.o)
_PowOfTwo_16                      O   (rtshc08.o)
_PowOfTwo_32                      O   (rtshc08.o)
_PowOfTwo_8                       O   (rtshc08.o)
_SEXT16_32                        I   (math.o)
_SEXT16_32                        I   (printf.o)
_SEXT16_32                        F   (rtshc08.o)
_SEXT16_32                        I   (scanf.o)
_SEXT16_32                        I   (softfloa.o)
_SEXT16_32                        I   (stdlib.o)
_SEXT8_32                         F   (rtshc08.o)
_SEXT8_32                         I   (softfloa.o)
_STORE32                          I   (math.o)
_STORE32                          F   (rtshc08.o)
_STORE64                          F   (rtshc08.o)
_Search_Table_16_Addr             F   (rtshc08.o)
_Search_Table_16_Offset           F   (rtshc08.o)
_Search_Table_8_Addr              I   (printf.o)
_Search_Table_8_Addr              F   (rtshc08.o)
_Search_Table_8_Addr              I   (scanf.o)
_Search_Table_8_Offset            I   (printf.o)
_Search_Table_8_Offset            F   (rtshc08.o)
_assert                           F   (assert.o)
_ctype                            O   (ctype.o)
_dft_sig_handler                  F   (signal.o)
_heap_                            I   (alloc.o)
_heap_                            O   (heap.o)
_heapcrash_                       I   (alloc.o)
_heapcrash_                       F   (heap.o)
_itoa                             F   (stdlib.o)
_memcpy_8bitCount                 F   (string.o)
_memset_clear_8bitCount           F   (string.o)
_setjmp                           F   (setjmp.o)
_strtod                           I   (scanf.o)
_strtod                           F   (stdlib.o)
_strtol                           I   (scanf.o)
_strtol                           F   (stdlib.o)
_strtoul                          F   (stdlib.o)
abort                             I   (assert.o)
abort                             F   (embedded.o)
abs                               F   (stdlib.o)
acos                              F   (math.o)
acos                              I   (mathf.o)
acosf                             F   (mathf.o)
asin                              F   (math.o)
asin                              I   (mathf.o)
asinf                             F   (mathf.o)
atan                              F   (math.o)
atan                              I   (mathf.o)
atan2                             F   (math.o)
atan2                             I   (mathf.o)
atan2f                            F   (mathf.o)
atanf                             F   (mathf.o)
atexit                            F   (stdlib.o)
bsearch                           F   (stdlib.o)
calloc                            F   (alloc.o)
ceil                              F   (math.o)
ceil                              I   (mathf.o)
ceilf                             F   (mathf.o)
channels                          O   (stdlib.o)
clock                             F   (embedded.o)
cos                               F   (math.o)
cos                               I   (mathf.o)
cosf                              F   (mathf.o)
cosh                              F   (math.o)
cosh                              I   (mathf.o)
coshf                             F   (mathf.o)
div                               F   (stdlib.o)
errno                             I   (math.o)
errno                             O   (rtshc08.o)
errno                             I   (signal.o)
errno                             I   (stdlib.o)
exit                              F   (embedded.o)
exp                               F   (math.o)
exp                               I   (mathf.o)
exp_r                             F   (math.o)
exp_r                             I   (mathf.o)
expf                              F   (mathf.o)
expf_r                            F   (mathf.o)
fabs                              F   (math.o)
fabs                              I   (mathf.o)
fabsf                             F   (mathf.o)
fclose                            F   (embedded.o)
fflush                            F   (embedded.o)
fgetc                             F   (embedded.o)
float32_add                       F   (softfloa.o)
float32_div                       F   (softfloa.o)
float32_eq                        F   (softfloa.o)
float32_eq_signaling              F   (softfloa.o)
float32_is_nan                    F   (softfloa.o)
float32_is_signaling_nan          F   (softfloa.o)
float32_le                        F   (softfloa.o)
float32_le_quiet                  F   (softfloa.o)
float32_lt                        F   (softfloa.o)
float32_lt_quiet                  F   (softfloa.o)
float32_mul                       F   (softfloa.o)
float32_rem                       F   (softfloa.o)
float32_round_to_int              F   (softfloa.o)
float32_sqrt                      F   (softfloa.o)
float32_sub                       F   (softfloa.o)
float32_to_float64                F   (softfloa.o)
float32_to_int32                  F   (softfloa.o)
float32_to_int32_round_to_zero    F   (softfloa.o)
float64_add                       F   (softfloa.o)
float64_div                       F   (softfloa.o)
float64_eq                        F   (softfloa.o)
float64_eq_signaling              F   (softfloa.o)
float64_is_nan                    F   (softfloa.o)
float64_is_signaling_nan          F   (softfloa.o)
float64_le                        F   (softfloa.o)
float64_le_quiet                  F   (softfloa.o)
float64_lt                        F   (softfloa.o)
float64_lt_quiet                  F   (softfloa.o)
float64_mul                       F   (softfloa.o)
float64_rem                       F   (softfloa.o)
float64_round_to_int              F   (softfloa.o)
float64_sqrt                      F   (softfloa.o)
float64_sub                       F   (softfloa.o)
float64_to_float32                F   (softfloa.o)
float64_to_int32                  F   (softfloa.o)
float64_to_int32_round_to_zero    F   (softfloa.o)
float_detect_tininess             O   (softfloa.o)
float_exception_flags             O   (softfloa.o)
float_raise                       F   (softfloa.o)
float_rounding_mode               O   (softfloa.o)
floor                             F   (math.o)
floor                             I   (mathf.o)
floorf                            F   (mathf.o)
fmod                              F   (math.o)
fmod                              I   (mathf.o)
fmodf                             F   (mathf.o)
fopen                             F   (embedded.o)
fprintf                           F   (embedded.o)
fputc                             F   (embedded.o)
fputs                             F   (embedded.o)
free                              F   (alloc.o)
frexp                             I   (math.o)
frexp                             F   (math08d.o)
frexpf                            I   (math08d.o)
frexpf                            F   (math08f.o)
frexpf                            I   (printf.o)
getenv                            F   (stdlib.o)
gets                              F   (embedded.o)
infinity                          O   (math.o)
infinity                          I   (stdlib.o)
int32_to_float32                  F   (softfloa.o)
int32_to_float64                  F   (softfloa.o)
isalnum                           F   (ctype.o)
isalpha                           F   (ctype.o)
iscntrl                           F   (ctype.o)
isdigit                           F   (ctype.o)
isdigit                           I   (stdlib.o)
isgraph                           F   (ctype.o)
islower                           F   (ctype.o)
isprint                           F   (ctype.o)
ispunct                           F   (ctype.o)
isspace                           F   (ctype.o)
isspace                           I   (scanf.o)
isspace                           I   (stdlib.o)
isupper                           F   (ctype.o)
isxdigit                          F   (ctype.o)
labs                              F   (stdlib.o)
ldexp                             I   (math.o)
ldexp                             F   (math08d.o)
ldexpf                            I   (math08d.o)
ldexpf                            F   (math08f.o)
ldiv                              F   (stdlib.o)
localeconv                        F   (locale.o)
log                               F   (math.o)
log                               I   (mathf.o)
log10                             F   (math.o)
log10                             I   (mathf.o)
log10f                            F   (mathf.o)
log_r                             F   (math.o)
log_r                             I   (mathf.o)
logf                              F   (mathf.o)
logf_r                            F   (mathf.o)
longjmp                           F   (setjmp.o)
malloc                            F   (alloc.o)
mblen                             F   (stdlib.o)
mbstowcs                          F   (stdlib.o)
mbtowc                            F   (stdlib.o)
memchr                            F   (string.o)
memcmp                            F   (string.o)
memcpy                            I   (alloc.o)
memcpy                            F   (string.o)
memcpy2                           F   (string.o)
memmove                           F   (string.o)
memset                            I   (alloc.o)
memset                            F   (string.o)
modf                              I   (math.o)
modf                              F   (math08d.o)
modff                             I   (math08d.o)
modff                             F   (math08f.o)
pow                               F   (math.o)
pow                               I   (mathf.o)
pow_i                             F   (math.o)
pow_i                             I   (mathf.o)
powf                              F   (mathf.o)
powf_i                            F   (mathf.o)
printf                            F   (embedded.o)
puts                              F   (embedded.o)
qsort                             F   (stdlib.o)
raise                             F   (signal.o)
rand                              F   (stdlib.o)
realloc                           F   (alloc.o)
remove                            F   (embedded.o)
scanf                             F   (embedded.o)
set_printf                        I   (embedded.o)
set_printf                        F   (printf.o)
setlocale                         F   (locale.o)
signal                            F   (signal.o)
sin                               F   (math.o)
sin                               I   (mathf.o)
sincos                            F   (math.o)
sincos                            I   (mathf.o)
sincosf                           F   (mathf.o)
sinf                              F   (mathf.o)
sinh                              F   (math.o)
sinh                              I   (mathf.o)
sinhf                             F   (mathf.o)
sncsh                             F   (math.o)
sncsh                             I   (mathf.o)
sncshf                            F   (mathf.o)
sprintf                           F   (printf.o)
sqrt                              F   (math.o)
sqrt                              I   (mathf.o)
sqrt_r                            F   (math.o)
sqrt_r                            I   (mathf.o)
sqrtf                             F   (mathf.o)
sqrtf_r                           F   (mathf.o)
srand                             F   (stdlib.o)
sscanf                            F   (scanf.o)
strcat                            F   (string.o)
strchr                            F   (string.o)
strcmp                            F   (string.o)
strcoll                           F   (string.o)
strcpy                            F   (string.o)
strcspn                           F   (string.o)
strerror                          F   (string.o)
strlen                            F   (string.o)
strncat                           F   (string.o)
strncmp                           F   (string.o)
strncpy                           F   (string.o)
strpbrk                           F   (string.o)
strrchr                           F   (string.o)
strset                            F   (string.o)
strspn                            F   (string.o)
strstr                            F   (string.o)
strtod                            F   (stdlib.o)
strtok                            F   (string.o)
strtol                            F   (stdlib.o)
strtoul                           F   (stdlib.o)
strxfrm                           F   (string.o)
system                            F   (stdlib.o)
tan                               F   (math.o)
tan                               I   (mathf.o)
tanf                              F   (mathf.o)
tanh                              F   (math.o)
tanh                              I   (mathf.o)
tanhf                             F   (mathf.o)
tolower                           F   (ctype.o)
toupper                           F   (ctype.o)
toupper                           I   (stdlib.o)
vprintf                           I   (embedded.o)
vprintf                           F   (printf.o)
vsprintf                          F   (printf.o)
vsscanf                           I   (embedded.o)
vsscanf                           F   (scanf.o)
wcstombs                          F   (stdlib.o)
wctomb                            F   (stdlib.o)
