Units and locations in library './../..//lib/ansibim.lib'
Unit name       size     from       to
alloc.o        18301   240922   259223
assert.o        3068       77     3145
ctype.o         8960     3145    12105
embedded.o     13052    12105    25157
heap.o          3637    25157    28794
inout.o         9152    28794    37946
locale.o        3853    37946    41799
printf.o       18572    41799    60371
rtshc08.o      81325    60371   141696
scanf.o        13656   141696   155352
setjmp.o        4753   155352   160105
signal.o        4681   160105   164786
stdlib.o       38124   164786   202910
string.o       30812   202910   233722
terminal.o      7200   233722   240922

EXPORTED OBJECTS
INOUT_ReadInt                F   (inout.o)
INOUT_TermChar               F   (inout.o)
INOUT_WriteInt               F   (inout.o)
INOUT_WriteLong              F   (inout.o)
TERMIO_GetChar               I   (embedded.o)
TERMIO_GetChar               I   (terminal.o)
TERMIO_Init                  I   (embedded.o)
TERMIO_PutChar               I   (embedded.o)
TERMIO_PutChar               I   (terminal.o)
TERM_Direct                  I   (embedded.o)
TERM_Direct                  F   (terminal.o)
TERM_Read                    I   (embedded.o)
TERM_Read                    I   (inout.o)
TERM_Read                    F   (terminal.o)
TERM_ReadString              I   (embedded.o)
TERM_ReadString              F   (terminal.o)
TERM_Write                   I   (embedded.o)
TERM_Write                   I   (inout.o)
TERM_Write                   F   (terminal.o)
TERM_WriteLn                 F   (terminal.o)
TERM_WriteString             I   (embedded.o)
TERM_WriteString             F   (terminal.o)
_BDIVS                       F   (rtshc08.o)
_BMODS                       F   (rtshc08.o)
_BMULS                       F   (rtshc08.o)
_CALL_STAR08                 F   (rtshc08.o)
_CALL_STAR08_FAR             I   (printf.o)
_CALL_STAR08_FAR             F   (rtshc08.o)
_CALL_STAR08_FAR             I   (stdlib.o)
_CMP24                       F   (rtshc08.o)
_CMP24_RC                    F   (rtshc08.o)
_CMP24_RC                    I   (signal.o)
_CONV_FAR_TO_LINEAR          F   (rtshc08.o)
_CONV_FAR_TO_NEAR            F   (rtshc08.o)
_CONV_LINEAR_TO_FAR          F   (rtshc08.o)
_COPY                        I   (embedded.o)
_COPY                        I   (printf.o)
_COPY                        F   (rtshc08.o)
_COPY                        I   (scanf.o)
_COPY                        I   (stdlib.o)
_COPY_L                      F   (rtshc08.o)
_IASR                        F   (rtshc08.o)
_ICMP                        F   (rtshc08.o)
_ICMP                        I   (stdlib.o)
_IDIVS_STAR08                I   (heap.o)
_IDIVS_STAR08                I   (inout.o)
_IDIVS_STAR08                F   (rtshc08.o)
_IDIVS_STAR08                I   (stdlib.o)
_IDIVU_8                     F   (rtshc08.o)
_IDIVU_STAR08                I   (alloc.o)
_IDIVU_STAR08                F   (rtshc08.o)
_IDIVU_STAR08                I   (stdlib.o)
_ILSL                        F   (rtshc08.o)
_ILSR                        F   (rtshc08.o)
_IMODS_STAR08                I   (inout.o)
_IMODS_STAR08                F   (rtshc08.o)
_IMODS_STAR08                I   (stdlib.o)
_IMODU_8                     F   (rtshc08.o)
_IMODU_STAR08                F   (rtshc08.o)
_IMODU_STAR08                I   (stdlib.o)
_IMUL_STAR08                 I   (alloc.o)
_IMUL_STAR08                 I   (inout.o)
_IMUL_STAR08                 I   (printf.o)
_IMUL_STAR08                 F   (rtshc08.o)
_IMUL_STAR08                 I   (scanf.o)
_IMUL_STAR08                 I   (signal.o)
_IMUL_STAR08                 I   (stdlib.o)
_Jump_Table_Addr             I   (printf.o)
_Jump_Table_Addr             F   (rtshc08.o)
_Jump_Table_Addr             I   (scanf.o)
_Jump_Table_Header_Addr      F   (rtshc08.o)
_Jump_Table_Header_Addr      I   (scanf.o)
_Jump_Table_Header_Offset    F   (rtshc08.o)
_Jump_Table_Header_Offset    I   (scanf.o)
_Jump_Table_Offset           F   (rtshc08.o)
_LADD                        F   (rtshc08.o)
_LADD                        I   (stdlib.o)
_LADD_RC                     I   (inout.o)
_LADD_RC                     F   (rtshc08.o)
_LADD_RC                     I   (stdlib.o)
_LAND                        F   (rtshc08.o)
_LAND_RC                     F   (rtshc08.o)
_LASR                        F   (rtshc08.o)
_LCMP                        I   (printf.o)
_LCMP                        F   (rtshc08.o)
_LCMP                        I   (stdlib.o)
_LCMP_RC                     I   (inout.o)
_LCMP_RC                     F   (rtshc08.o)
_LCMP_RC                     I   (stdlib.o)
_LDEC                        F   (rtshc08.o)
_LDIVS                       F   (rtshc08.o)
_LDIVS                       I   (stdlib.o)
_LDIVS_LC                    F   (rtshc08.o)
_LDIVS_RC                    I   (inout.o)
_LDIVS_RC                    F   (rtshc08.o)
_LDIVS_RC                    I   (stdlib.o)
_LDIVU                       F   (rtshc08.o)
_LDIVU                       I   (stdlib.o)
_LDIVU_LC                    F   (rtshc08.o)
_LDIVU_RC                    F   (rtshc08.o)
_LINC                        F   (rtshc08.o)
_LLSL                        F   (rtshc08.o)
_LLSR                        F   (rtshc08.o)
_LMODS                       F   (rtshc08.o)
_LMODS                       I   (stdlib.o)
_LMODS_LC                    F   (rtshc08.o)
_LMODS_RC                    I   (inout.o)
_LMODS_RC                    F   (rtshc08.o)
_LMODS_RC                    I   (stdlib.o)
_LMODU                       F   (rtshc08.o)
_LMODU_LC                    F   (rtshc08.o)
_LMODU_RC                    F   (rtshc08.o)
_LMUL                        F   (rtshc08.o)
_LMUL                        I   (stdlib.o)
_LMUL_RC                     F   (rtshc08.o)
_LMUL_RC                     I   (stdlib.o)
_LNEG                        I   (inout.o)
_LNEG                        I   (printf.o)
_LNEG                        F   (rtshc08.o)
_LNEG                        I   (stdlib.o)
_LNOT                        F   (rtshc08.o)
_LOR                         F   (rtshc08.o)
_LOR_RC                      F   (rtshc08.o)
_LSUB                        I   (printf.o)
_LSUB                        F   (rtshc08.o)
_LSUB                        I   (stdlib.o)
_LSUB_LC                     F   (rtshc08.o)
_LSUB_LC                     I   (stdlib.o)
_LSUB_RC                     F   (rtshc08.o)
_LXOR                        F   (rtshc08.o)
_LXOR_RC                     F   (rtshc08.o)
_POP32                       I   (inout.o)
_POP32                       I   (printf.o)
_POP32                       F   (rtshc08.o)
_POP32                       I   (scanf.o)
_POP32                       I   (stdlib.o)
_POP64                       F   (rtshc08.o)
_POP_CC                      F   (rtshc08.o)
_PUSH_CC                     F   (rtshc08.o)
_PowOfTwo_16                 O   (rtshc08.o)
_PowOfTwo_32                 O   (rtshc08.o)
_PowOfTwo_8                  O   (rtshc08.o)
_SEXT16_32                   I   (printf.o)
_SEXT16_32                   F   (rtshc08.o)
_SEXT16_32                   I   (scanf.o)
_SEXT16_32                   I   (stdlib.o)
_SEXT8_32                    F   (rtshc08.o)
_STORE32                     F   (rtshc08.o)
_STORE64                     F   (rtshc08.o)
_Search_Table_16_Addr        F   (rtshc08.o)
_Search_Table_16_Offset      F   (rtshc08.o)
_Search_Table_8_Addr         I   (printf.o)
_Search_Table_8_Addr         F   (rtshc08.o)
_Search_Table_8_Addr         I   (scanf.o)
_Search_Table_8_Offset       I   (printf.o)
_Search_Table_8_Offset       F   (rtshc08.o)
_assert                      F   (assert.o)
_ctype                       O   (ctype.o)
_dft_sig_handler             F   (signal.o)
_heap_                       I   (alloc.o)
_heap_                       O   (heap.o)
_heapcrash_                  I   (alloc.o)
_heapcrash_                  F   (heap.o)
_itoa                        F   (stdlib.o)
_memcpy_8bitCount            F   (string.o)
_memset_clear_8bitCount      F   (string.o)
_setjmp                      F   (setjmp.o)
_strtol                      I   (scanf.o)
_strtol                      F   (stdlib.o)
_strtoul                     F   (stdlib.o)
abort                        I   (assert.o)
abort                        F   (embedded.o)
abs                          F   (stdlib.o)
atexit                       F   (stdlib.o)
bsearch                      F   (stdlib.o)
calloc                       F   (alloc.o)
channels                     O   (stdlib.o)
clock                        F   (embedded.o)
div                          F   (stdlib.o)
errno                        O   (rtshc08.o)
errno                        I   (signal.o)
errno                        I   (stdlib.o)
exit                         F   (embedded.o)
fclose                       F   (embedded.o)
fflush                       F   (embedded.o)
fgetc                        F   (embedded.o)
fopen                        F   (embedded.o)
fprintf                      F   (embedded.o)
fputc                        F   (embedded.o)
fputs                        F   (embedded.o)
free                         F   (alloc.o)
getenv                       F   (stdlib.o)
gets                         F   (embedded.o)
isalnum                      F   (ctype.o)
isalpha                      F   (ctype.o)
iscntrl                      F   (ctype.o)
isdigit                      F   (ctype.o)
isdigit                      I   (stdlib.o)
isgraph                      F   (ctype.o)
islower                      F   (ctype.o)
isprint                      F   (ctype.o)
ispunct                      F   (ctype.o)
isspace                      F   (ctype.o)
isspace                      I   (scanf.o)
isspace                      I   (stdlib.o)
isupper                      F   (ctype.o)
isxdigit                     F   (ctype.o)
labs                         F   (stdlib.o)
ldiv                         F   (stdlib.o)
localeconv                   F   (locale.o)
longjmp                      F   (setjmp.o)
malloc                       F   (alloc.o)
mblen                        F   (stdlib.o)
mbstowcs                     F   (stdlib.o)
mbtowc                       F   (stdlib.o)
memchr                       F   (string.o)
memcmp                       F   (string.o)
memcpy                       I   (alloc.o)
memcpy                       F   (string.o)
memcpy2                      F   (string.o)
memmove                      F   (string.o)
memset                       I   (alloc.o)
memset                       F   (string.o)
printf                       F   (embedded.o)
puts                         F   (embedded.o)
qsort                        F   (stdlib.o)
raise                        F   (signal.o)
rand                         F   (stdlib.o)
realloc                      F   (alloc.o)
remove                       F   (embedded.o)
scanf                        F   (embedded.o)
set_printf                   I   (embedded.o)
set_printf                   F   (printf.o)
setlocale                    F   (locale.o)
signal                       F   (signal.o)
sprintf                      F   (printf.o)
srand                        F   (stdlib.o)
sscanf                       F   (scanf.o)
strcat                       F   (string.o)
strchr                       F   (string.o)
strcmp                       F   (string.o)
strcoll                      F   (string.o)
strcpy                       F   (string.o)
strcspn                      F   (string.o)
strerror                     F   (string.o)
strlen                       F   (string.o)
strncat                      F   (string.o)
strncmp                      F   (string.o)
strncpy                      F   (string.o)
strpbrk                      F   (string.o)
strrchr                      F   (string.o)
strset                       F   (string.o)
strspn                       F   (string.o)
strstr                       F   (string.o)
strtok                       F   (string.o)
strtol                       F   (stdlib.o)
strtoul                      F   (stdlib.o)
strxfrm                      F   (string.o)
system                       F   (stdlib.o)
tolower                      F   (ctype.o)
toupper                      F   (ctype.o)
toupper                      I   (stdlib.o)
vprintf                      I   (embedded.o)
vprintf                      F   (printf.o)
vsprintf                     F   (printf.o)
vsscanf                      I   (embedded.o)
vsscanf                      F   (scanf.o)
wcstombs                     F   (stdlib.o)
wctomb                       F   (stdlib.o)
